// Vitest Snapshot v1, https://vitest.dev/guide/snapshot.html

exports[`Given the "module" metadata builder > when using it > should return a valid OpenActionMetadata 1`] = `
{
  "$schema": "https://json-schemas.lens.dev/modules/1.0.0.json",
  "attributes": [
    {
      "key": "twitter",
      "type": "String",
      "value": "https://twitter.com/johndoe",
    },
    {
      "key": "dob",
      "type": "String",
      "value": "1990-01-01T00:00:00Z",
    },
  ],
  "authors": [
    "me@lens.xyz",
  ],
  "description": "Lorem ipsum dolor sit amet, consectetur adipiscing elit. Donec a diam lectus. Sed sit amet ipsum mauris.

        - Lorem ipsum dolor sit amet, consectetur adipiscing elit.
        - Donec a diam lectus.",
  "initializeCalldataABI": "[{"type":"address","name":"address","indexed":true},{"type":"uint256","name":"price","indexed":true}]",
  "name": "Open Action Name",
  "processCalldataABI": "[{"type":"address","name":"collector","indexed":true}]",
  "title": "Open Action Title",
}
`;
