// Vitest Snapshot v1, https://vitest.dev/guide/snapshot.html

exports[`Given the ProfileMetadataSchema > when parsing an invalid object > then it should default missing fields 1`] = `
{
  "metadata_id": Any<String>,
  "name": null,
  "version": "1.0.0",
}
`;
